         442         468           8         256        1768         468           0
           5         223         222          17          16
           5          20          16         221         222
           3          14          20         220         221
           2          56          14         218         220
          31          44          56          47         218
          30          46          44          45          47
          27          42          46          41          45
          25         468          42         467          41
         186         305         468         295         467
         187         304         305         298         295
         187         303         304         300         298
         191         302         303         301         300
         182         310         302         309         301
         171         275         310         287         309
         171         276         275         286         287
         169         285         276         284         286
         166         285         284         283          12
         125         186         185         223         222
         125         182         221         185         222
         127         181         220         182         221
         127         219         218         181         220
          30         217          47         219         218
         121          11         183         186         185
         124         184         182         183         185
         126         189         181         184         182
         126         188         219         189         181
         115         176         217         188         219
          26         216          45         217          47
          26         215          41         216          45
          27         466         467         215          41
         185         294         295         466         467
         186         299         298         294         295
         190         297         300         299         298
         118         177         216         176         217
         119         174         215         177         216
         119         465         466         174         215
         185         320         294         465         466
         184         319         299         320         294
         190         318         297         319         299
         191         296         301         297         300
         189         308         309         296         301
         163         268         287         308         309
         163         274         286         268         287
         167         272         284         274         286
         166          12         284         269         272
         188         317         296         318         297
         189         316         308         317         296
         161         267         268         316         308
         162         273         274         267         268
         165         270         272         273         274
         167         269         272         271         270
         121         178         180          11         183
         123         179         184         180         183
         123         187         189         179         184
         114         172         188         187         189
         115         171         176         172         188
         120         197         196         178         180
         122         195         179         196         180
         122         194         187         195         179
         114         193         172         194         187
         113         192         171         193         172
         112         175         177         171         176
         118         173         174         175         177
         117         464         465         173         174
         139         230         320         464         465
         139         236         319         230         320
         143         232         318         236         319
         113         191         175         192         171
         116         190         173         191         175
         117         463         464         190         173
         138         231         230         463         464
         138         235         236         231         230
         143         233         232         235         236
         142         266         317         232         318
         151         314         316         266         317
         161         315         267         314         316
         160         313         273         315         267
         165         312         270         313         273
         164         271         270         311         312
         142         265         266         233         232
         151         245         314         265         266
         145         244         315         245         314
         145         242         313         244         315
         147         241         312         242         313
         147         311         312         240         241
         102          10         156         197         196
         101         155         195         156         196
         101         170         194         155         195
         105         162         193         170         194
         105         161         192         162         193
         104         167         191         161         192
         111         163         190         167         191
         111         462         463         163         190
         137         239         231         462         463
         137         234         235         239         231
         141         261         233         234         235
         140         264         265         261         233
         150         243         245         264         265
         150         256         244         243         245
         144         258         242         256         244
         146         255         241         258         242
         146         240         241         254         255
         102         154         160          10         156
         103         159         155         160         156
         100         168         170         159         155
         106         169         162         168         170
         107         165         161         169         162
         103         158         157         154         160
          97         153         159         157         160
          99         152         168         153         159
          99         206         169         152         168
         106         205         165         206         169
          96         204         203         158         157
          97         202         153         203         157
          98         201         152         202         153
          98         200         206         201         152
          75         115         205         200         206
          95         135         134         204         203
          95         139         202         134         203
          91         132         201         139         202
          91         151         200         132         201
          75         116         115         151         200
          94         137         136         135         134
          94         138         139         136         134
          90         133         132         138         139
          90         150         151         133         132
          73         148         116         150         151
          93           9         145         137         136
          92         144         138         145         136
          89         143         133         144         138
          89         142         150         143         133
          88         149         148         142         150
          93         141         140           9         145
          83         130         144         140         145
          86         131         143         130         144
          87         128         142         131         143
          87         147         149         128         142
          82           8         126         141         140
          83         125         130         126         140
          81         129         131         125         130
          86         127         128         129         131
          85         146         147         127         128
          82         214         213           8         126
          80         212         125         213         126
          81         211         129         212         125
          84         210         127         211         129
          85         209         146         210         127
          37           7          59         214         213
          36          60         212          59         213
          38          62         211          60         212
          35          58         210          62         211
          35          95         209          58         210
          37          76          75           7          59
          39          73          60          75          59
          38          61          62          73          60
          33          57          58          61          62
          34          94          95          57          58
          47          66          65          76          75
          47          74          73          65          75
          39          72          61          74          73
          33          97          57          72          61
          32          99          94          97          57
          46          68          67          66          65
          46          71          74          67          65
          43          63          72          71          74
          43          98          97          63          72
          50          78          99          98          97
          45           6          70          68          67
          44          69          71          70          67
          42          64          63          69          71
          42          96          98          64          63
          49          77          78          96          98
         107         166         167         165         161
         110         164         163         166         167
         110         461         462         164         163
         134         237         239         461         462
         136         238         234         237         239
         141         262         261         238         234
         109         199         166         205         165
         109         198         164         199         166
         108         460         461         198         164
         135         227         237         460         461
         134         229         238         227         237
         129         224         262         229         238
          74         120         199         115         205
          79         117         198         120         199
          79         459         460         117         198
         135         226         227         459         460
         133         228         229         226         227
         131         225         224         228         229
          74         119         120         116         115
          78         118         117         119         120
          78         457         459         118         117
         132         458         226         457         459
         133         436         228         458         226
         131         435         225         436         228
          73         124         119         148         116
          77         123         118         124         119
          77         122         457         123         118
          76         456         458         122         457
         239         376         436         456         458
         235         371         435         376         436
          72         121         124         149         148
          71         111         123         121         124
          69         452         122         111         123
          68         455         456         452         122
         239         375         376         455         456
         235         374         371         375         376
          71         114         121         147         149
          70         113         111         114         121
          69         453         452         113         111
         238         454         455         453         452
         238         373         375         454         455
         237         380         374         373         375
          67         110         114         146         147
          66         112         113         110         114
          70         448         453         112         113
          65         451         454         448         453
         236         379         373         451         454
         237         378         380         379         373
          67         208         110         209         146
          64         207         112         208         110
          65         449         448         207         112
         230         450         451         449         448
         231         369         379         450         451
         231         370         378         369         379
          62          86         208          95         209
          63          89         207          86         208
          63          88         449          89         207
          58         447         450          88         449
         230         368         369         447         450
         229         418         370         368         369
          61          85          86          94          95
          62          87          89          85          86
          59          84          88          87          89
          58         446         447          84          88
         228         417         368         446         447
         229         416         418         417         368
          61          93          85          99          94
          60          92          87          93          85
          57          83          84          92          87
          59         445         446          83          84
         223         349         417         445         446
         223         353         416         349         417
          51          81          93          78          99
          51          90          92          81          93
          57          91          83          90          92
          56         444         445          91          83
         222         350         349         444         445
         222         352         353         350         349
          50          82          81          77          78
          53          79          90          82          81
          52          80          91          79          90
          54         443         444          80          91
         221         357         350         443         444
         221         356         352         357         350
         149         263         264         262         261
         149         253         243         263         264
         148         257         256         253         243
         158         252         258         257         256
         159         250         255         252         258
         159         254         255         249         250
         129         260         263         224         262
         154         247         253         260         263
         153         246         257         247         253
         153         251         252         246         257
         158         248         250         251         252
         157         249         250           5         248
         128         259         260         225         224
         155         432         247         259         260
         154         434         246         432         247
         152         431         251         434         246
         156         430         248         431         251
         157           5         248         429         430
         130         428         259         435         225
         155         433         432         428         259
         255         397         434         433         432
         250         395         431         397         434
         251         393         430         395         431
         251         429         430         392         393
         234         408         428         371         435
         254         409         433         408         428
         254         394         397         409         433
         255         396         395         394         397
         250         391         393         396         395
         249         392         393           4         391
         234         372         408         374         371
         233         407         409         372         408
         253         402         394         407         409
         252         401         396         402         394
         248         400         391         401         396
         249           4         391         399         400
         232         377         372         380         374
         233         406         407         377         372
         253         398         402         406         407
         245         386         401         398         402
         247         385         400         386         401
         247         399         400         384         385
         227         366         377         378         380
         227         405         406         366         377
         244         390         398         405         406
         245         389         386         390         398
         246         388         385         389         386
         246         384         385         387         388
         226         367         366         370         378
         226         403         405         367         366
         241         404         390         403         405
         241         383         389         404         390
         243         382         388         383         389
         243         387         388         381         382
         225         415         367         418         370
         225         414         403         415         367
         224         413         404         414         403
         240         412         383         413         404
         242         411         382         412         383
         242         381         382         410         411
         219         347         415         416         418
         219         365         414         347         415
         203         328         413         365         414
         203         336         412         328         413
         207         331         411         336         412
         207         410         411         330         331
         218         348         347         353         416
         218         364         365         348         347
         202         329         328         364         365
         202         335         336         329         328
         206         333         331         335         336
         206         330         331         332         333
         217         351         348         352         353
         217         363         364         351         348
         201         361         329         363         364
         201         334         335         361         329
         205         340         333         334         335
         204         332         333         339         340
         220         355         351         356         352
         216         354         363         355         351
         211         362         361         354         363
         200         338         334         362         361
         205         337         340         338         334
         197         339         340           3         337
          45         109         108           6          70
          41         107          69         108          70
          41         106          64         107          69
          40         105          96         106          64
          49         104          77         105          96
          48         103          82         104          77
          53         102          79         103          82
          55         101          80         102          79
          54         442         443         101          80
         215         342         357         442         443
         215         346         356         342         357
         210         341         355         346         356
         210         360         354         341         355
         211         359         362         360         354
         195         327         338         359         362
         196         324         337         327         338
         197           3         337         323         324
           9          23          22         109         108
           9          21         107          22         108
           8          28         106          21         107
          15          24         105          28         106
          15          55         104          24         105
          10          33          32          23          22
          11          26          21          32          22
          11          27          28          26          21
          14          25          24          27          28
          14          54          55          25          24
          18          35         103          55         104
          19          39         102          35         103
          19         100         101          39         102
          55         441         442         100         101
         214         343         342         441         442
         214         345         346         343         342
          17          34          35          54          55
          18          40          39          34          35
          23          36         100          40          39
          23         440         441          36         100
         213         427         343         440         441
         213         426         345         427         343
         209         344         341         345         346
         209         358         360         344         341
         194         321         359         358         360
         195         325         327         321         359
         199         326         324         325         327
         199         323         324         322         326
         212         425         344         426         345
         208         424         358         425         344
         193         423         321         424         358
         193         422         325         423         321
         192         421         326         422         325
         198         322         326           2         421
           6           1          30          33          32
          10          31          26          30          32
          13          29          27          31          26
          13          51          25          29          27
          12          53          54          51          25
           6          15          18           1          30
           7          19          31          18          30
           1          13          29          19          31
           1          52          51          13          29
          29          43          53          52          51
          17          49          34          53          54
          16          38          40          49          34
          22          37          36          38          40
          22         439         440          37          36
         179         288         427         439         440
         179         293         426         288         427
          29          50          49          43          53
          21          48          38          50          49
          21         437          37          48          38
          20         438         439         437          37
         178         289         288         438         439
         178         292         293         289         288
         181         290         425         293         426
         180         307         424         290         425
         175         277         423         307         424
         175         278         422         277         423
         173         419         421         278         422
         198           2         421         420         419
         181         291         290         292         293
         183         306         307         291         290
         174         282         277         306         307
         174         281         278         282         277
         173         280         419         281         278
         172         420         419         279         280
           7          17          16          15          18
           4          20          19          16          18
           3          14          13          20          19
           0          56          52          14          13
          31          44          43          56          52
          28          46          50          44          43
          24          42          48          46          50
          25         468         437          42          48
         177         305         438         468         437
         177         304         289         305         438
         176         303         292         304         289
         182         302         291         303         292
         183         310         306         302         291
         170         275         282         310         306
         170         276         281         275         282
         169         285         280         276         281
         168         283         279         285         280
